<testsuites name="results">
  <testsuite name="all" package="all">
    <property name="random_seed" value="1777771967" />
    <testcase name="test_simple_addition" classname="test_core" file="/mnt/c/repos/risc-v-pony/test/test_core.py" lineno="10" time="0.23437047004699707" sim_time_ns="6040.001" ratio_time="25771.169033320755" />
    <testcase name="test_branch_loop" classname="test_core" file="/mnt/c/repos/risc-v-pony/test/test_core.py" lineno="76" time="0.4672374725341797" sim_time_ns="15050.001" ratio_time="32210.603568186736" />
    <testcase name="test_load_store" classname="test_ram" file="/mnt/c/repos/risc-v-pony/test/test_ram.py" lineno="10" time="0.21475648880004883" sim_time_ns="7050.001" ratio_time="32827.883522364595" />
    <testcase name="test_jal_jalr" classname="test_jump" file="/mnt/c/repos/risc-v-pony/test/test_jump.py" lineno="10" time="0.26166439056396484" sim_time_ns="8050.001" ratio_time="30764.602637179043" />
    <testcase name="test_mmio" classname="test_io" file="/mnt/c/repos/risc-v-pony/test/test_io.py" lineno="6" time="0.16708159446716309" sim_time_ns="5050.000999999997" ratio_time="30224.759442264505" />
    <testcase name="test_fibonacci" classname="test_fibonacci" file="/mnt/c/repos/risc-v-pony/test/test_fibonacci.py" lineno="11" time="3.0690126419067383" sim_time_ns="100050.00099999999" ratio_time="32600.06154221646" />
    <testcase name="test_c_firmware" classname="test_c_code" file="/mnt/c/repos/risc-v-pony/test/test_c_code.py" lineno="6" time="0.34598422050476074" sim_time_ns="10940.001000000018" ratio_time="31619.942042557643" />
    <testcase name="test_alu_itype" classname="test_alu_itype" file="/mnt/c/repos/risc-v-pony/test/test_alu_itype.py" lineno="10" time="1.499314546585083" sim_time_ns="45050.00099999999" ratio_time="30047.064575347595" />
    <testcase name="test_alu_rtype" classname="test_alu_rtype" file="/mnt/c/repos/risc-v-pony/test/test_alu_rtype.py" lineno="10" time="2.1177635192871094" sim_time_ns="50050.00099999999" ratio_time="23633.422969174593" />
    <testcase name="test_utype_lui_auipc" classname="test_utype_lui_auipc" file="/mnt/c/repos/risc-v-pony/test/test_utype_lui_auipc.py" lineno="151" time="1.2648751735687256" sim_time_ns="35050.00100000002" ratio_time="27710.245036361775" />
    <testcase name="test_load_store_sizes" classname="test_load_store_sizes" file="/mnt/c/repos/risc-v-pony/test/test_load_store_sizes.py" lineno="163" time="2.3934905529022217" sim_time_ns="60050.00099999999" ratio_time="25088.88156136087" />
    <testcase name="test_branch_conditions" classname="test_branch_conditions" file="/mnt/c/repos/risc-v-pony/test/test_branch_conditions.py" lineno="218" time="2.5909879207611084" sim_time_ns="80050.00099999999" ratio_time="30895.551599671344" />
    <testcase name="test_firetest_asm" classname="test_firetest_asm" file="/mnt/c/repos/risc-v-pony/test/test_firetest_asm.py" lineno="8" time="8.78048586845398" sim_time_ns="200050.00100000005" ratio_time="22783.477360715093" />
    <testcase name="test_firetest_c" classname="test_firetest_c" file="/mnt/c/repos/risc-v-pony/test/test_firetest_c.py" lineno="8" time="8.965914726257324" sim_time_ns="250050.00099999993" ratio_time="27888.95596650173" />
    <testcase name="test_game_logic" classname="test_game_logic" file="/mnt/c/repos/risc-v-pony/test/test_game_logic.py" lineno="8" time="17.053751945495605" sim_time_ns="450050.00099999993" ratio_time="26390.087204175106" />
    <testcase name="test_fence_is_nop" classname="test_system_instructions" file="/mnt/c/repos/risc-v-pony/test/test_system_instructions.py" lineno="45" time="0.3680155277252197" sim_time_ns="10050.001000000164" ratio_time="27308.633040897224" />
    <testcase name="test_ebreak_halts_core" classname="test_system_instructions" file="/mnt/c/repos/risc-v-pony/test/test_system_instructions.py" lineno="76" time="0.4928879737854004" sim_time_ns="20050.00099999993" ratio_time="40678.616777794516" />
    <testcase name="test_ecall_halts_core" classname="test_system_instructions" file="/mnt/c/repos/risc-v-pony/test/test_system_instructions.py" lineno="107" time="0.4608309268951416" sim_time_ns="20050.00099999993" ratio_time="43508.366799700816" />
    <testcase name="test_spi_realistic_bin_boot" classname="test_spi_realistic_bin_boot" file="/mnt/c/repos/risc-v-pony/test/test_spi_realistic_bin_boot.py" lineno="12" time="0.6875114440917969" sim_time_ns="25050.001000000164" ratio_time="36435.75858303164" />
    <testcase name="test_timer_mmio_increments" classname="test_timer_mmio" file="/mnt/c/repos/risc-v-pony/test/test_timer_mmio.py" lineno="115" time="5.78847599029541" sim_time_ns="200050.00099999993" ratio_time="34560.046778355994" />
  </testsuite>
</testsuites>
